{
    "InputData": "[{\"LOAN_DATE_DAY\":12,\"LOAN_FROM_DATE\":\"21/06/2023\",\"DBM_INTEREST_RATE\":\"Theo quy định của Eximbank\",\"DBM_FEE\":\"\",\"STABLE_OPERATION\":\"CHECK\",\"CHANGE_HAS_GENERATED\":\"UNCHECK\",\"CHANGE_HAS_GENERATED_1\":null,\"EXIM_APPROVE\":\"CHECK\",\"EXIM_NOT_APPROVED\":\"UNCHECK\",\"EIB_GROUP_1\":\"CHECK\",\"EIB_OTHER_GROUPS\":\"UNCHECK\",\"EIB_SPECIFIC\":null,\"COMMITMENT_YES\":\"UNCHECK\",\"COMMITMENT_NO\":\"CHECK\",\"COMMITMENT_SPECIFIC\":null,\"BL_SUITABLE\":\"CHECK\",\"BL_INAPPROPRIATE\":\"UNCHECK\",\"BL_SPECIFICALLY\":null,\"BL_AGREE\":\"CHECK\",\"BL_DISAGREE\":\"UNCHECK\",\"BL_REASON\":null,\"PROVIDED_DOCUMENT\":\"UNCHECK\",\"PROVIDED_DOC_DETAIL\":\"\",\"DOC_AFTER_DBM\":\"UNCHECK\",\"DOC_AFTER_DBM_DETAIL\":\"\",\"PAY_IN_CASH\":\"CHECK\",\"PAY_IN_CASH_AMOUNT\":50000000,\"DBM_TRANSFER\":\"CHECK\",\"TABLE_INFO_BENEFICIARYS\":\"- Chuyển khoản qua tài khoản trung gian cho người thụ hưởng ANHLT01 vào tài khoản số 111 tại BIDV - NH TMCP Đầu tư và Phát triển Việt Nam, số tiền 20.000.000\\n- Chuyển khoản qua tài khoản thanh toán cho người thụ hưởng ANHLT02 vào tài khoản số 222 tại ACB - NH TMCP Á Châu, số tiền 20.000.000\\n- Chuyển khoản trực tiếp cho người thụ hưởng ANHLT03 vào tài khoản số 333 tại Vietinbank - NH TMCP Công thương Việt Nam, số tiền 10.000.000\",\"BENEFICIARYS_NAME\":\"ANHLT01\",\"BENEFICIARYS_ACC\":\"111\",\"BENEFICIARYS_ACC_PLACE\":\"TCTD002\",\"BENEFICIARYS_LOAN\":0,\"GRACE_PERIOD\":\"ân hạn\",\"A_LOT_TIMES\":\"UNCHECK\",\"DEBT_REPAYMENT_PERIOD\":null,\"PRINCIPAL_PAYPER_PERIOD\":null,\"F_PRINCIPAL_REPAY_PERIOD\":null,\"END_OF_TERM\":\"UNCHECK\",\"OTHER_PRINCP_PAY_TERM\":\"CHECK\",\"OTHER_PRINCP_PAY_TERM_T\":\"1231\",\"MONTH_INTEREST_PAY\":\"UNCHECK\",\"DATE_IN_MONTH\":0,\"F_INS_INTEREST_PAY\":null,\"F_INS_INTEREST_PAY_DATE\":null,\"O_INS_INTEREST_PAY\":\"CHECK\",\"O_INS_INTEREST_PAY_DATE\":\"122333\",\"ORTHER_CONDITIONS\":\"\",\"EXCEPTION_PROPOSAL\":\"\",\"WF_TYPE\":\"\",\"CUST_TYPE\":\"CN\",\"RMTL_AGREE_CANCEL_DATE\":\"\",\"DBM_ACCEPT\":\"\",\"DBM_REJECT\":\"\",\"DBM_REJECT_RESON\":\"\",\"RMTL_ACTION_DATE\":\"\",\"CA_CN_ACCEPT\":\"\",\"CA_CN_REJECT\":\"\",\"CA_CN_REJECT_REASON\":\"\",\"CA_ACTION_DATE\":\"\",\"DVKD_KKHD\":\"Chi nhánh Đắk Lắk -Phòng giao dịch Nguyễn Tất Thành\",\"RM_CREATE\":\"02/06/2023\",\"HDTD_LAV\":\"1208LAV220020622\",\"EFFECTIVE_DATE\":\"16/03/2022\",\"CUSTOMER_NAM_CORE\":\"HO THI NGOC SUONG\",\"BL_CIF\":\"120181160\",\"DXGN_AMOUNT\":100000000,\"DXGN_AMOUNT_CUR\":\"VND\",\"DXGN_EXCHANGE_RATE\":\"1\",\"DBM_PURPOSE\":\"MỤC ĐÍCH GIẢI NGÂN\",\"LOAN_DATE_MONTH\":1}]",
    "TemplateFileName": "EXIM_BM122.docx",
    "QRCodeEncodeString": "BM122_1208_GN_23_003468_CF0002948_20230603",
    "InputType": "json",
    "ECMProperties": "",
    "OutputFileName": "120181160_EXIM_BM122_1208_GN_23_003468_20230603.pdf",
    "ECMDocumentClass": "LOS",
    "ECMFolderPath": "/ExportFile"
}